F

Failures:

  1) foo has goodness
     Failure/Error: Tcg::Assertions.equal(2, foo, :get_one)

     Exception:
       Expected 2, got 1
     # ./src/tcg/assertions.rb:10:in `equal'
     # ./tmp/when_getter_returns_wrong_value_it_generates_code/foo_spec.rb:7:in `block (2 levels) in <top (required)>'

Finished in <n> seconds (files took <n> seconds to load)
1 example, 1 failure

Failed examples:

rspec ./tmp/when_getter_returns_wrong_value_it_generates_code/foo_spec.rb:5 # foo has goodness

