==> examples/when_getter_returns_wrong_value_it_generates_code/foo.rb <==
class Foo
  def get_one
    1
  end
end

==> examples/when_getter_returns_wrong_value_it_generates_code/foo_spec.rb <==
require_relative '../../src/tcg/assertions'
require_relative 'foo'

describe 'foo' do
  it 'has goodness' do
    foo = Foo.new
    Tcg::Assertions.equal(2, foo, :get_one)
  end
end
